Starting a Gradle Daemon, 2 busy and 1 stopped Daemons could not be reused, use --status for details
This version only understands SDK XML versions up to 3 but an SDK XML file of version 4 was encountered. This can happen if you use versions of Android Studio and the command-line tools that were released at different times.
Observed package id 'platform-tools' in inconsistent location 'C:\Users\hasan\AppData\Local\Android\Sdk\platform-tools-2' (Expected 'C:\Users\hasan\AppData\Local\Android\Sdk\platform-tools')
Observed package id 'platforms;android-35' in inconsistent location 'C:\Users\hasan\AppData\Local\Android\Sdk\platforms\android-35-2' (Expected 'C:\Users\hasan\AppData\Local\Android\Sdk\platforms\android-35')
[=========                              ] 25%                                   
> Task :app:preBuild UP-TO-DATE
> Task :app:preDebugBuild UP-TO-DATE
> Task :app:mergeDebugNativeDebugMetadata NO-SOURCE
> Task :app:checkKotlinGradlePluginConfigurationErrors SKIPPED
> Task :app:checkDebugAarMetadata UP-TO-DATE
> Task :app:processDebugNavigationResources UP-TO-DATE
> Task :app:compileDebugNavigationResources UP-TO-DATE
> Task :app:generateDebugResValues UP-TO-DATE
> Task :app:processDebugGoogleServices UP-TO-DATE
> Task :app:mapDebugSourceSetPaths UP-TO-DATE
> Task :app:generateDebugResources UP-TO-DATE
> Task :app:mergeDebugResources UP-TO-DATE
> Task :app:packageDebugResources UP-TO-DATE
> Task :app:parseDebugLocalResources UP-TO-DATE
> Task :app:createDebugCompatibleScreenManifests UP-TO-DATE
> Task :app:extractDeepLinksDebug UP-TO-DATE
> Task :app:processDebugMainManifest UP-TO-DATE
> Task :app:processDebugManifest UP-TO-DATE
> Task :app:javaPreCompileDebug UP-TO-DATE
> Task :app:mergeDebugShaders UP-TO-DATE
> Task :app:compileDebugShaders NO-SOURCE
> Task :app:generateDebugAssets UP-TO-DATE
> Task :app:mergeDebugAssets UP-TO-DATE
> Task :app:processDebugManifestForPackage
> Task :app:compressDebugAssets
> Task :app:processDebugResources
> Task :app:checkDebugDuplicateClasses UP-TO-DATE
> Task :app:desugarDebugFileDependencies UP-TO-DATE
> Task :app:mergeLibDexDebug

> Task :app:configureCMakeDebug[arm64-v8a]
[CXX5304] Observed package id 'platform-tools' in inconsistent location 'C:\Users\hasan\AppData\Local\Android\Sdk\platform-tools-2' (Expected 'C:\Users\hasan\AppData\Local\Android\Sdk\platform-tools')
[CXX5304] Observed package id 'platform-tools' in inconsistent location 'C:\Users\hasan\AppData\Local\Android\Sdk\platform-tools-2' (Expected 'C:\Users\hasan\AppData\Local\Android\Sdk\platform-tools')
[CXX5304] Observed package id 'platforms;android-35' in inconsistent location 'C:\Users\hasan\AppData\Local\Android\Sdk\platforms\android-35-2' (Expected 'C:\Users\hasan\AppData\Local\Android\Sdk\platforms\android-35')
[CXX5304] Observed package id 'platforms;android-35' in inconsistent location 'C:\Users\hasan\AppData\Local\Android\Sdk\platforms\android-35-2' (Expected 'C:\Users\hasan\AppData\Local\Android\Sdk\platforms\android-35')

> Task :app:mergeExtDexDebug
> Task :app:buildCMakeDebug[arm64-v8a]
> Task :app:compressDebugAssets FAILED

> Task :app:buildCMakeDebug[arm64-v8a]
C/C++: ninja: Entering directory `E:\GreenAI\voice_to_voice_translation_app\app\.cxx\Debug\37243706\arm64-v8a'
C/C++: E:/GreenAI/voice_to_voice_translation_app/app/.cxx/Debug/37243706/arm64-v8a/_deps/sentencepiece-src/src/builder.cc:47:15: warning: unused variable 'kMaxUnicode' [-Wunused-const-variable]
C/C++:    47 | constexpr int kMaxUnicode = 0x10FFFF;
C/C++:       |               ^~~~~~~~~~~
C/C++: E:/GreenAI/voice_to_voice_translation_app/app/.cxx/Debug/37243706/arm64-v8a/_deps/sentencepiece-src/src/builder.cc:49:23: warning: unused variable 'kDefaultNormalizerName' [-Wunused-const-variable]
C/C++:    49 | static constexpr char kDefaultNormalizerName[] = "nfkc";
C/C++:       |                       ^~~~~~~~~~~~~~~~~~~~~~
C/C++: 2 warnings generated.

[Incubating] Problems report is available at: file:///E:/GreenAI/voice_to_voice_translation_app/build/reports/problems/problems-report.html

Deprecated Gradle features were used in this build, making it incompatible with Gradle 9.0.

You can use '--warning-mode all' to show the individual deprecation warnings and determine if they come from your own scripts or plugins.

For more on this, please refer to https://docs.gradle.org/8.13/userguide/command_line_interface.html#sec:command_line_warnings in the Gradle documentation.
26 actionable tasks: 7 executed, 19 up-to-date
.\gradlew.bat : 
At line:1 char:47
+ ... _voice_translation_app; .\gradlew.bat :app:assembleDebug 2>&1 | Tee-O ...
+                             ~~~~~~~~~~~~~~~~~~~~~~~~~~~~~~~~~~~~~
    + CategoryInfo          : NotSpecified: (:String) [], RemoteException
    + FullyQualifiedErrorId : NativeCommandError
 
FAILURE: Build failed with an exception.

* What went wrong:
Execution failed for task ':app:compressDebugAssets'.
> Timeout waiting to lock file hash cache 
(E:\GreenAI\voice_to_voice_translation_app\.gradle\8.13\fileHashes). It is currently 
in use by another Gradle instance.
  Owner PID: 16224
  Our PID: 23068
  Owner Operation: 
  Our operation: 
  Lock file: 
E:\GreenAI\voice_to_voice_translation_app\.gradle\8.13\fileHashes\fileHashes.lock

* Try:
> Run with --stacktrace option to get the stack trace.
> Run with --info or --debug option to get more log output.
> Run with --scan to get full insights.
> Get more help at https://help.gradle.org.

BUILD FAILED in 16m 39s
